
--- TESTING OFX ---
[OFX DEBUG] Message Keys: [ 'body', '_data', 'downloadMedia', 'reply' ]
[OFX DEBUG] Has Data? false Data Length: 0
OFX Result: {
  "type": "system_error",
  "content": "O arquivo OFX parece vazio ou n├úo foi baixado."
}

--- TESTING CSV ---
[MOCK] downloadMedia called for Extrato-01-10-2025-a-19-12-2025-CSV.csv
[CSV] Enviando para an├ílise IA...
CSV Result: {
  "type": "data_extraction",
  "content": {
    "total_fatura": null,
    "vencimento": null,
    "transacoes": [
      {
        "descricao": "Pix enviado: IGOR ALBUQUERQUE DOS SANTOS",
        "valor": 4,
        "categoria": "Transfer├¬ncia",
        "tipo": "despesa",
        "data": "2025-10-01"
      },
      {
        "descricao": "Pix recebido: SOUZA C E T LTDA",
        "valor": 40,
        "categoria": "Recebimento",
        "tipo": "receita",
        "data": "2025-10-02"
      },
      {
        "descricao": "Pix enviado: VANIA CAMELO MOURAO",
        "valor": 3,
        "categoria": "Transfer├¬ncia",
        "tipo": "despesa",
        "data": "2025-10-02"
      },
      {
        "descricao": "Pix recebido: Andre da Silva Porto",
        "valor": 5,
        "categoria": "Recebimento",
        "tipo": "receita",
        "data": "2025-10-03"
      },
      {
        "descricao": "Compra no debito: TOKIO HORTIFRUTIGRANJ NOVA IGUACU BRA",
        "valor": 19.43,
        "categoria": "Alimenta├º├úo",
        "tipo": "despesa",
        "data": "2025-10-03"
      },
      {
        "descricao": "Pix enviado: Marli Marinho de Souza",
        "valor": 10,
        "categoria": "Transfer├¬ncia",
        "tipo": "despesa",
        "data": "2025-10-03"
      },
      {
        "descricao": "Pix enviado: Fabiano Martins Do Nascimento",
        "valor": 8,
        "categoria": "Transfer├¬ncia",
        "tipo": "despesa",
        "data": "2025-10-03"
      },
      {
        "descricao": "Pix enviado: MERCADO PAGO INSTITUICAO DE PAGAMENTO LTDA",
        "valor": 237.99,
        "categoria": "Transfer├¬ncia",
        "tipo": "despesa",
        "data": "2025-10-03"
      },
      {
        "descricao": "Pix enviado: MAISMOBI",
        "valor": 15,
        "categoria": "Transfer├¬ncia",
        "tipo": "despesa",
        "data": "2025-10-03"
      },
      {
        "descricao": "Pix enviado: Davison Marcelo Sousa de Almeida",
        "valor": 6,
        "categoria": "Transfer├¬ncia",
        "tipo": "despesa",
        "data": "2025-10-03"
      },
      {
        "descricao": "Pix enviado: IFOODCOM AGENCIA DE RESTAURANTES ONLINE SA",
        "valor": 50.99,
        "categoria": "Alimenta├º├úo",
        "tipo": "despesa",
        "data": "2025-10-04"
      },
      {
        "descricao": "Pix recebido: SUNSET THERMAS PARK",
        "valor": 120,
        "categoria": "Recebimento",
        "tipo": "receita",
        "data": "2025-10-04"
      },
      {
        "descricao": "Pix enviado: Jeferson Luiz Lopes de Souza",
        "valor": 40,
        "categoria": "Transfer├¬ncia",
        "tipo": "despesa",
        "data": "2025-10-05"
      },
      {
        "descricao": "Pix recebido: EXODO CONSULTORIAS E TREINAMENTOS DE SUGURANCA E SAUDE OCUPACIONAL LTDA",
        "valor": 125,
        "categoria": "Recebimento",
        "tipo": "receita",
        "data": "2025-10-05"
      },
      {
        "descricao": "Pix enviado: Cristiano Almeida da Silva",
        "valor": 7,
        "categoria": "Transfer├¬ncia",
        "tipo": "despesa",
        "data": "2025-10-05"
      },
      {
        "descricao": "Pix enviado: Julio Barroso Lima",
        "valor": 21,
        "categoria": "Transfer├¬ncia",
        "tipo": "despesa",
        "data": "2025-10-05"
      },
      {
        "descricao": "Pix enviado: Cristian de Souza Silvano",
        "valor": 36,
        "categoria": "Transfer├¬ncia",
        "tipo": "despesa",
        "data": "2025-10-05"
      },
      {
        "descricao": "Pix enviado: Edilamar Antonio Penha",
        "valor": 6,
        "categoria": "Transfer├¬ncia",
        "tipo": "despesa",
        "data": "2025-10-05"
      },
      {
        "descricao": "Pix enviado: MAISMOBI",
        "valor": 11,
        "categoria": "Transfer├¬ncia",
        "tipo": "despesa",
        "data": "2025-10-05"
      },
      {
        "descricao": "Pix recebido: Evelyn Vianna Queiroz",
        "valor": 2530,
        "categoria": "Recebimento",
        "tipo": "receita",
        "data": "2025-10-06"
      },
      {
        "descricao": "Pix enviado: MAISMOBI",
        "valor": 20,
        "categoria": "Transfer├¬ncia",
        "tipo": "despesa",
        "data": "2025-10-06"
      },
      {
        "descricao": "Pix enviado: MAISMOBI",
        "valor": 11,
        "categoria": "Transfer├¬ncia",
        "tipo": "despesa",
        "data": "2025-10-06"
      },
      {
        "descricao": "Pix enviado: ALF2WEB INFORMATICA LTDA",
        "valor": 63,
        "categoria": "Transfer├¬ncia",
        "tipo": "despesa",
        "data": "2025-10-07"
      },
      {
        "descricao": "Compra no debito: DROGARIAS PACHECO NOVA IGUACU BRA",
        "valor": 17.99,
        "categoria": "Sa├║de",
        "tipo": "despesa",
        "data": "2025-10-08"
      },
      {
        "descricao": "Pix enviado: HOZIEL JOSE DA SILVA",
        "valor": 8.5,
        "categoria": "Transfer├¬ncia",
        "tipo": "despesa",
        "data": "2025-10-08"
      },
      {
        "descricao": "Pix recebido: FELIPE GONCALVES DIAS",
        "valor": 250,
        "categoria": "Recebimento",
        "tipo": "receita",
        "data": "2025-10-08"
      },
      {
        "descricao": "Pix enviado: LATICINIO DO ZUZU",
        "valor": 35.94,
        "categoria": "Transfer├¬ncia",
        "tipo": "despesa",
        "data": "2025-10-09"
      },
      {
        "descricao": "Pix enviado: SORVETERIA KI DELICIA",
        "valor": 55.4,
        "categoria": "Alimenta├º├úo",
        "tipo": "despesa",
        "data": "2025-10-09"
      },
      {
        "descricao": "Pix enviado: MAISMOBI",
        "valor": 24,
        "categoria": "Transfer├¬ncia",
        "tipo": "despesa",
        "data": "2025-10-10"
      },
      {
        "descricao": "Pix enviado: Mariana Maria da Silva Santos",
        "valor": 5,
        "categoria": "Transfer├¬ncia",
        "tipo": "despesa",
        "data": "2025-10-11"
      },
      {
        "descricao": "Pix enviado: BEVERLY HILLS MOTEL LTDA",
        "valor": 109,
        "categoria": "Hospedagem",
        "tipo": "despesa",
        "data": "2025-10-11"
      },
      {
        "descricao": "Pix enviado: Fabiana de Souza Carvalho Moreira",
        "valor": 5.5,
        "categoria": "Transfer├¬ncia",
        "tipo": "despesa",
        "data": "2025-10-11"
      },
      {
        "descricao": "Pix enviado: Fabiana de Souza Carvalho Moreira",
        "valor": 1,
        "categoria": "Transfer├¬ncia",
        "tipo": "despesa",
        "data": "2025-10-11"
      },
      {
        "descricao": "Pix enviado: Alessandro Pinheiro Correa",
        "valor": 24,
        "categoria": "Transfer├¬ncia",
        "tipo": "despesa",
        "data": "2025-10-11"
      },
      {
        "descricao": "Pix enviado: Fabiana de Souza Carvalho Moreira",
        "valor": 10.5,
        "categoria": "Transfer├¬ncia",
        "tipo": "despesa",
        "data": "2025-10-11"
      },
      {
        "descricao": "Pix enviado: Vagner Silva Fidelis",
        "valor": 27,
        "categoria": "Transfer├¬ncia",
        "tipo": "despesa",
        "data": "2025-10-11"
      },
      {
        "descricao": "Pix enviado: Clenilson Menezes",
        "valor": 1,
        "categoria": "Transfer├¬ncia",
        "tipo": "despesa",
        "data": "2025-10-11"
      },
      {
        "descricao": "Pix enviado: Clenilson Menezes",
        "valor": 7,
        "categoria": "Transfer├¬ncia",
        "tipo": "despesa",
        "data": "2025-10-11"
      },
      {
        "descricao": "Compra no debito: BRAZILIAN PET NOVA IGUACU BRA",
        "valor": 21.98,
        "categoria": "Pet Shop",
        "tipo": "despesa",
        "data": "2025-10-11"
      },
      {
        "descricao": "Pix enviado: MAISMOBI",
        "valor": 24,
        "categoria": "Transfer├¬ncia",
        "tipo": "despesa",
        "data": "2025-10-11"
      },
      {
        "descricao": "Pix enviado: MARCO A S C MERCADINHO LTDA",
        "valor": 13,
        "categoria": "Alimenta├º├úo",
        "tipo": "despesa",
        "data": "2025-10-12"
      },
      {
        "descricao": "Pix enviado: A A de Assis Racoes",
        "valor": 62,
        "categoria": "Transfer├¬ncia",
        "tipo": "despesa",
        "data": "2025-10-13"
      },
      {
        "descricao": "Pix enviado: Farmacia Dani Boy 2003 LTDA",
        "valor": 22.52,
        "categoria": "Sa├║de",
        "tipo": "despesa",
        "data": "2025-10-14"
      },
      {
        "descricao": "Pix enviado: Cleiton Renato Gomes Da Silva",
        "valor": 23,
        "categoria": "Transfer├¬ncia",
        "tipo": "despesa",
        "data": "2025-10-14"
      },
      {
        "descricao": "Pix enviado: MAISMOBI",
        "valor": 24,
        "categoria": "Transfer├¬ncia",
        "tipo": "despesa",
        "data": "2025-10-14"
      },
      {
        "descricao": "Pix enviado: Valter Marques Ferreira Junior",
        "valor": 38,
        "categoria": "Transfer├¬ncia",
        "tipo": "despesa",
        "data": "2025-10-15"
      },
      {
        "descricao": "Pix enviado: Luziana Maria de Jesus Silva",
        "valor": 100,
        "categoria": "Transfer├¬ncia",
        "tipo": "despesa",
        "data": "2025-10-15"
      },
      {
        "descricao": "Pix enviado: Eduardo dos Santos Silvano",
        "valor": 50,
        "categoria": "Transfer├¬ncia",
        "tipo": "despesa",
        "data": "2025-10-15"
      },
      {
        "descricao": "Pix enviado: ROSEMERE DA SILVA CARDOSO",
        "valor": 22,
        "categoria": "Transfer├¬ncia",
        "tipo": "despesa",
        "data": "2025-10-15"
      },
      {
        "descricao": "Pix enviado: ROSEMERE DA SILVA CARDOSO",
        "valor": 4,
        "categoria": "Transfer├¬ncia",
        "tipo": "despesa",
        "data": "2025-10-15"
      },
      {
        "descricao": "Pix enviado: Carlos Cristiano Correia de Paulo Donato",
        "valor": 5,
        "categoria": "Transfer├¬ncia",
        "tipo": "despesa",
        "data": "2025-10-15"
      },
      {
        "descricao": "Pix enviado: ALF2WEB INFORMATICA LTDA",
        "valor": 63,
        "categoria": "Transfer├¬ncia",
        "tipo": "despesa",
        "data": "2025-10-15"
      },
      {
        "descricao": "Pix enviado: MAISMOBI",
        "valor": 12,
        "categoria": "Transfer├¬ncia",
        "tipo": "despesa",
        "data": "2025-10-15"
      },
      {
        "descricao": "Pix enviado: MAISMOBI",
        "valor": 12,
        "categoria": "Transfer├¬ncia",
        "tipo": "despesa",
        "data": "2025-10-16"
      },
      {
        "descricao": "Pix enviado: VANIA CAMELO MOURAO",
        "valor": 4.5,
        "categoria": "Transfer├¬ncia",
        "tipo": "despesa",
        "data": "2025-10-16"
      },
      {
        "descricao": "Pix enviado: Diorge Roberto Ferrera Damacena",
        "valor": 15,
        "categoria": "Transfer├¬ncia",
        "tipo": "despesa",
        "data": "2025-10-16"
      },
      {
        "descricao": "Pix enviado: Patrick dos Santos Silva",
        "valor": 20,
        "categoria": "Transfer├¬ncia",
        "tipo": "despesa",
        "data": "2025-10-16"
      },
      {
        "descricao": "Pix enviado: MAC NET INFORMATICA",
        "valor": 82.45,
        "categoria": "Transfer├¬ncia",
        "tipo": "despesa",
        "data": "2025-10-17"
      },
      {
        "descricao": "Pix enviado: Valter Marques Ferreira Junior",
        "valor": 36,
        "categoria": "Transfer├¬ncia",
        "tipo": "despesa",
        "data": "2025-10-19"
      },
      {
        "descricao": "Pix enviado: ALF2WEB INFORMATICA LTDA",
        "valor": 63,
        "categoria": "Transfer├¬ncia",
        "tipo": "despesa",
        "data": "2025-10-21"
      },
      {
        "descricao": "Pix enviado: Enildo da Silva de Figueiredo",
        "valor": 23,
        "categoria": "Transfer├¬ncia",
        "tipo": "despesa",
        "data": "2025-10-21"
      },
      {
        "descricao": "Pix enviado: MAISMOBI",
        "valor": 24,
        "categoria": "Transfer├¬ncia",
        "tipo": "despesa",
        "data": "2025-10-21"
      },
      {
        "descricao": "Pix enviado: UP NET WORK INTERNET",
        "valor": 92.09,
        "categoria": "Servi├ºos",
        "tipo": "despesa",
        "data": "2025-10-21"
      },
      {
        "descricao": "Pix enviado: Thayane da Silva Figueiredo",
        "valor": 17,
        "categoria": "Transfer├¬ncia",
        "tipo": "despesa",
        "data": "2025-10-22"
      },
      {
        "descricao": "Pix recebido: Thayane da Silva Figueiredo",
        "valor": 17,
        "categoria": "Recebimento",
        "tipo": "receita",
        "data": "2025-10-22"
      },
      {
        "descricao": "Compra no debito: TOKIO HORTIFRUTIGRANJ NOVA IGUACU BRA",
        "valor": 1.11,
        "categoria": "Alimenta├º├úo",
        "tipo": "despesa",
        "data": "2025-10-22"
      },
      {
        "descricao": "Pix enviado: Lucas Oliveira da Silva",
        "valor": 35,
        "categoria": "Transfer├¬ncia",
        "tipo": "despesa",
        "data": "2025-10-22"
      },
      {
        "descricao": "Pix enviado: DROGARIA E PERFUMARIA GOVERNADOR NI 1 LTDA",
        "valor": 19.98,
        "categoria": "Sa├║de",
        "tipo": "despesa",
        "data": "2025-10-22"
      },
      {
        "descricao": "Pix enviado: Bazar Tempo de Bordar LTDA",
        "valor": 5,
        "categoria": "Transfer├¬ncia",
        "tipo": "despesa",
        "data": "2025-10-22"
      },
      {
        "descricao": "Pix enviado: MAISMOBI",
        "valor": 12,
        "categoria": "Transfer├¬ncia",
        "tipo": "despesa",
        "data": "2025-10-22"
      },
      {
        "descricao": "Pix enviado: Claro",
        "valor": 84.89,
        "categoria": "Servi├ºos",
        "tipo": "despesa",
        "data": "2025-10-23"
      },
      {
        "descricao": "Pix recebido: SUNSET PARK HOTEL LTDA",
        "valor": 200,
        "categoria": "Recebimento",
        "tipo": "receita",
        "data": "2025-10-23"
      },
      {
        "descricao": "Pix enviado: PICPAY INSTITUICAO DE PAGAMENTO S A",
        "valor": 80.64,
        "categoria": "Transfer├¬ncia",
        "tipo": "despesa",
        "data": "2025-10-24"
      },
      {
        "descricao": "Pagamento efetuado: Pagamento fatura cartao Inter",
        "valor": 237.73,
        "categoria": "Pagamento",
        "tipo": "despesa",
        "data": "2025-10-24"
      },
      {
        "descricao": "Pix recebido: SOUZA C E T LTDA",
        "valor": 860,
        "categoria": "Recebimento",
        "tipo": "receita",
        "data": "2025-10-24"
      },
      {
        "descricao": "Pix enviado: Jeferson Luiz Lopes de Souza",
        "valor": 40,
        "categoria": "Transfer├¬ncia",
        "tipo": "despesa",
        "data": "2025-10-25"
      },
      {
        "descricao": "Pix enviado: Cleiton Renato Gomes Da Silva",
        "valor": 21.5,
        "categoria": "Transfer├¬ncia",
        "tipo": "despesa",
        "data": "2025-10-25"
      },
      {
        "descricao": "Pix recebido: L R DA SILVA ASSENTOS E REPAROS HIDRAULICOS",
        "valor": 100,
        "categoria": "Recebimento",
        "tipo": "receita",
        "data": "2025-10-25"
      },
      {
        "descricao": "Pix recebido: L R DA SILVA ASSENTOS E REPAROS HIDRAULICOS",
        "valor": 1200,
        "categoria": "Recebimento",
        "tipo": "receita",
        "data": "2025-10-25"
      },
      {
        "descricao": "Pix enviado: Matheus Santos de Souza",
        "valor": 400,
        "categoria": "Transfer├¬ncia",
        "tipo": "despesa",
        "data": "2025-10-25"
      },
      {
        "descricao": "Pix enviado: REIS FARMA",
        "valor": 9,
        "categoria": "Sa├║de",
        "tipo": "despesa",
        "data": "2025-10-26"
      },
      {
        "descricao": "Pix enviado: D S CUNHA MERCADO SHALOM LTDA",
        "valor": 15.66,
        "categoria": "Alimenta├º├úo",
        "tipo": "despesa",
        "data": "2025-10-26"
      },
      {
        "descricao": "Pix enviado: CENTRAL DOS LATICINIOS",
        "valor": 16.15,
        "categoria": "Alimenta├º├úo",
        "tipo": "despesa",
        "data": "2025-10-26"
      },
      {
        "descricao": "Pix enviado: A A de Assis Racoes",
        "valor": 62,
        "categoria": "Transfer├¬ncia",
        "tipo": "despesa",
        "data": "2025-10-26"
      },
      {
        "descricao": "Pix enviado: VANIA CAMELO MOURAO",
        "valor": 21,
        "categoria": "Transfer├¬ncia",
        "tipo": "despesa",
        "data": "2025-10-26"
      },
      {
        "descricao": "Pix enviado: MARGARETE SOUZA",
        "valor": 62.5,
        "categoria": "Transfer├¬ncia",
        "tipo": "despesa",
        "data": "2025-10-27"
      },
      {
        "descricao": "Pix enviado: TMB SERVICOS LTDA",
        "valor": 664.39,
        "categoria": "Transfer├¬ncia",
        "tipo": "despesa",
        "data": "2025-10-27"
      },
      {
        "descricao": "Pix recebido: CHAPADA PARK",
        "valor": 1500,
        "categoria": "Recebimento",
        "tipo": "receita",
        "data": "2025-10-27"
      },
      {
        "descricao": "Pix enviado: Israel da Silva de Andrade",
        "valor": 100,
        "categoria": "Transfer├¬ncia",
        "tipo": "despesa",
        "data": "2025-10-27"
      },
      {
        "descricao": "Pix enviado: Joao Victor Mendonca Rocha",
        "valor": 40,
        "categoria": "Transfer├¬ncia",
        "tipo": "despesa",
        "data": "2025-10-27"
      },
      {
        "descricao": "Deb Cartao + Protegido: Seguro Cartao Protegido/Plano Standard",
        "valor": 5.9,
        "categoria": "Seguro",
        "tipo": "despesa",
        "data": "2025-10-27"
      },
      {
        "descricao": "Pix enviado: Thayane da Silva Figueiredo",
        "valor": 40,
        "categoria": "Transfer├¬ncia",
        "tipo": "despesa",
        "data": "2025-10-28"
      },
      {
        "descricao": "Pix enviado: ALF2WEB INFORMATICA LTDA",
        "valor": 63,
        "categoria": "Transfer├¬ncia",
        "tipo": "despesa",
        "data": "2025-10-28"
      },
      {
        "descricao": "Pix enviado: MAISMOBI",
        "valor": 30,
        "categoria": "Transfer├¬ncia",
        "tipo": "despesa",
        "data": "2025-10-28"
      },
      {
        "descricao": "Pix enviado: MARGARETE SOUZA",
        "valor": 20,
        "categoria": "Transfer├¬ncia",
        "tipo": "despesa",
        "data": "2025-10-30"
      },
      {
        "descricao": "Pix enviado: MARGARETE SOUZA",
        "valor": 20,
        "categoria": "Transfer├¬ncia",
        "tipo": "despesa",
        "data": "2025-10-30"
      },
      {
        "descricao": "Pix enviado: Douglas da Silva Januario",
        "valor": 35,
        "categoria": "Transfer├¬ncia",
        "tipo": "despesa",
        "data": "2025-10-31"
      },
      {
        "descricao": "Pix enviado: TMB SERVICOS LTDA",
        "valor": 396.62,
        "categoria": "Transfer├¬ncia",
        "tipo": "despesa",
        "data": "2025-10-31"
      },
      {
        "descricao": "Pix enviado: TMB SERVICOS LTDA",
        "valor": 614.31,
        "categoria": "Transfer├¬ncia",
        "tipo": "despesa",
        "data": "2025-10-31"
      },
      {
        "descricao": "Pix enviado: UBER DO BRASIL TECNOLOGIA LTDA",
        "valor": 3.94,
        "categoria": "Transporte",
        "tipo": "despesa",
        "data": "2025-11-01"
      },
      {
        "descricao": "Pix enviado: Gabriel Patrocino dos Santos",
        "valor": 6,
        "categoria": "Transfer├¬ncia",
        "tipo": "despesa",
        "data": "2025-11-01"
      },
      {
        "descricao": "Pix enviado: UBER DO BRASIL TECNOLOGIA LTDA",
        "valor": 3.92,
        "categoria": "Transporte",
        "tipo": "despesa",
        "data": "2025-11-02"
      },
      {
        "descricao": "Pix enviado: Jose Nilson Rodrigues Correa",
        "valor": 20,
        "categoria": "Transfer├¬ncia",
        "tipo": "despesa",
        "data": "2025-11-04"
      },
      {
        "descricao": "Pix enviado: MAISMOBI",
        "valor": 20,
        "categoria": "Transfer├¬ncia",
        "tipo": "despesa",
        "data": "2025-11-04"
      },
      {
        "descricao": "Pix enviado: Bruno Abreu Queiroz de Almeida",
        "valor": 3.5,
        "categoria": "Transfer├¬ncia",
        "tipo": "despesa",
        "data": "2025-11-05"
      },
      {
        "descricao": "Pix enviado: MAISMOBI",
        "valor": 12,
        "categoria": "Transfer├¬ncia",
        "tipo": "despesa",
        "data": "2025-11-06"
      },
      {
        "descricao": "Pix enviado: Lucas Pires dos Santos",
        "valor": 50,
        "categoria": "Transfer├¬ncia",
        "tipo": "despesa",
        "data": "2025-11-07"
      },
      {
        "descricao": "Pix enviado: Farmacia Dani Boy 2003 LTDA",
        "valor": 22.99,
        "categoria": "Sa├║de",
        "tipo": "despesa",
        "data": "2025-11-07"
      },
      {
        "descricao": "Pix enviado: MAC NET INFORMATICA",
        "valor": 82.21,
        "categoria": "Transfer├¬ncia",
        "tipo": "despesa",
        "data": "2025-11-07"
      },
      {
        "descricao": "Pix recebido: Andre da Silva Porto",
        "valor": 62,
        "categoria": "Recebimento",
        "tipo": "receita",
        "data": "2025-11-07"
      },
      {
        "descricao": "Pix enviado: VANIA CAMELO MOURAO",
        "valor": 7.9,
        "categoria": "Transfer├¬ncia",
        "tipo": "despesa",
        "data": "2025-11-08"
      },
      {
        "descricao": "Pix enviado: PIX Marketplace",
        "valor": 92.9,
        "categoria": "Transfer├¬ncia",
        "tipo": "despesa",
        "data": "2025-11-08"
      },
      {
        "descricao": "Pix recebido: Andre da Silva Porto",
        "valor": 30,
        "categoria": "Recebimento",
        "tipo": "receita",
        "data": "2025-11-08"
      },
      {
        "descricao": "Pix enviado: UBER DO BRASIL TECNOLOGIA LTDA",
        "valor": 15.92,
        "categoria": "Transporte",
        "tipo": "despesa",
        "data": "2025-11-09"
      },
      {
        "descricao": "Pix enviado devolvido: UBER DO BRASIL TECNOLOGIA LTDA",
        "valor": 16.92,
        "categoria": "Estorno",
        "tipo": "receita",
        "data": "2025-11-09"
      },
      {
        "descricao": "Pix enviado: UBER DO BRASIL TECNOLOGIA LTDA",
        "valor": 13.92,
        "categoria": "Transporte",
        "tipo": "despesa",
        "data": "2025-11-09"
      },
      {
        "descricao": "Pix enviado: UBER DO BRASIL TECNOLOGIA LTDA",
        "valor": 16.92,
        "categoria": "Transporte",
        "tipo": "despesa",
        "data": "2025-11-09"
      },
      {
        "descricao": "Pix enviado devolvido: UBER DO BRASIL TECNOLOGIA LTDA",
        "valor": 4.73,
        "categoria": "Estorno",
        "tipo": "receita",
        "data": "2025-11-09"
      },
      {
        "descricao": "Pix enviado: UBER DO BRASIL TECNOLOGIA LTDA",
        "valor": 4.73,
        "categoria": "Transporte",
        "tipo": "despesa",
        "data": "2025-11-09"
      },
      {
        "descricao": "Pix recebido: MAIRA LARANGEIRA CARVALHO",
        "valor": 1000,
        "categoria": "Recebimento",
        "tipo": "receita",
        "data": "2025-11-10"
      },
      {
        "descricao": "Pix enviado: ALF2WEB INFORMATICA LTDA",
        "valor": 63,
        "categoria": "Transfer├¬ncia",
        "tipo": "despesa",
        "data": "2025-11-11"
      },
      {
        "descricao": "Pix enviado: SHPP BRASIL INSTITUICAO DE PAG",
        "valor": 17.99,
        "categoria": "Transfer├¬ncia",
        "tipo": "despesa",
        "data": "2025-11-11"
      },
      {
        "descricao": "Pix enviado: ELITON LUIZ QUEIROZ DE ALMEIDA",
        "valor": 5,
        "categoria": "Transfer├¬ncia",
        "tipo": "despesa",
        "data": "2025-11-11"
      },
      {
        "descricao": "Pix enviado: MAISMOBI",
        "valor": 40,
        "categoria": "Transfer├¬ncia",
        "tipo": "despesa",
        "data": "2025-11-11"
      },
      {
        "descricao": "Pix enviado: A A de Assis Racoes",
        "valor": 62,
        "categoria": "Transfer├¬ncia",
        "tipo": "despesa",
        "data": "2025-11-11"
      },
      {
        "descricao": "Compra no debito: TOKIO HORTIFRUTIGRANJ NOVA IGUACU BRA",
        "valor": 48.13,
        "categoria": "Alimenta├º├úo",
        "tipo": "despesa",
        "data": "2025-11-12"
      },
      {
        "descricao": "Pix enviado: UBER DO BRASIL TECNOLOGIA LTDA",
        "valor": 6.32,
        "categoria": "Transporte",
        "tipo": "despesa",
        "data": "2025-11-12"
      },
      {
        "descricao": "Pix enviado: UBER DO BRASIL TECNOLOGIA LTDA",
        "valor": 6.34,
        "categoria": "Transporte",
        "tipo": "despesa",
        "data": "2025-11-12"
      },
      {
        "descricao": "Pix enviado: CASAS PEDRO",
        "valor": 9.21,
        "categoria": "Transfer├¬ncia",
        "tipo": "despesa",
        "data": "2025-11-12"
      },
      {
        "descricao": "Pix enviado: 55259633 FABIO SABINO DE SOUZA",
        "valor": 14,
        "categoria": "Transfer├¬ncia",
        "tipo": "despesa",
        "data": "2025-11-12"
      },
      {
        "descricao": "Compra no debito: PROLAR NOVA IGUACU BRA",
        "valor": 27.93,
        "categoria": "Casa",
        "tipo": "despesa",
        "data": "2025-11-12"
      },
      {
        "descricao": "Pix enviado: EVELYN SILVA DE OLIVEIRA",
        "valor": 2,
        "categoria": "Transfer├¬ncia",
        "tipo": "despesa",
        "data": "2025-11-12"
      },
      {
        "descricao": "Pix enviado: Enildo da Silva de Figueiredo",
        "valor": 31.3,
        "categoria": "Transfer├¬ncia",
        "tipo": "despesa",
        "data": "2025-11-13"
      },
      {
        "descricao": "Pix enviado: CATIA CONCEICAO CALIAN FRANCA",
        "valor": 2.5,
        "categoria": "Transfer├¬ncia",
        "tipo": "despesa",
        "data": "2025-11-13"
      },
      {
        "descricao": "Pix enviado: MAISMOBI",
        "valor": 12,
        "categoria": "Transfer├¬ncia",
        "tipo": "despesa",
        "data": "2025-11-13"
      },
      {
        "descricao": "Pix enviado: ATLAS DE IGUACU DISTRIBUIDORA DE ALIMENTOS LTDA",
        "valor": 17.94,
        "categoria": "Alimenta├º├úo",
        "tipo": "despesa",
        "data": "2025-11-14"
      },
      {
        "descricao": "Pix enviado: Maria Jose de Santana",
        "valor": 100,
        "categoria": "Transfer├¬ncia",
        "tipo": "despesa",
        "data": "2025-11-14"
      },
      {
        "descricao": "Pix enviado: MAISMOBI",
        "valor": 12,
        "categoria": "Transfer├¬ncia",
        "tipo": "despesa",
        "data": "2025-11-14"
      },
      {
        "descricao": "Compra no debito: DROGARIA PONTUAL 01 JAPERI BRA",
        "valor": 43.98,
        "categoria": "Sa├║de",
        "tipo": "despesa",
        "data": "2025-11-14"
      },
      {
        "descricao": "Pix recebido: PIRAJA COMUNICACAO E MARKETING DIGITAL LTDA",
        "valor": 50,
        "categoria": "Recebimento",
        "tipo": "receita",
        "data": "2025-11-15"
      },
      {
        "descricao": "Pix enviado: ARIADINA OLIVEIRA",
        "valor": 20,
        "categoria": "Transfer├¬ncia",
        "tipo": "despesa",
        "data": "2025-11-16"
      },
      {
        "descricao": "Pix enviado: UBER DO BRASIL TECNOLOGIA LTDA",
        "valor": 15.92,
        "categoria": "Transporte",
        "tipo": "despesa",
        "data": "2025-11-16"
      },
      {
        "descricao": "Pix enviado: VANIA CAMELO MOURAO",
        "valor": 14,
        "categoria": "Transfer├¬ncia",
        "tipo": "despesa",
        "data": "2025-11-16"
      },
      {
        "descricao": "Pix enviado: SHPP BRASIL INSTITUICAO DE PAG",
        "valor": 29.9,
        "categoria": "Transfer├¬ncia",
        "tipo": "despesa",
        "data": "2025-11-17"
      },
      {
        "descricao": "Pagamento efetuado: Pagamento fatura cartao Inter",
        "valor": 2212.44,
        "categoria": "Pagamento",
        "tipo": "despesa",
        "data": "2025-11-17"
      },
      {
        "descricao": "Pix recebido: Andre da Silva Porto",
        "valor": 30,
        "categoria": "Recebimento",
        "tipo": "receita",
        "data": "2025-11-17"
      },
      {
        "descricao": "Pix enviado: Guilherme Veloso Pereira",
        "valor": 25,
        "categoria": "Transfer├¬ncia",
        "tipo": "despesa",
        "data": "2025-11-17"
      },
      {
        "descricao": "Pix recebido: CHAPADA PARK ACQUA THERMAS LTDA",
        "valor": 1500,
        "categoria": "Recebimento",
        "tipo": "receita",
        "data": "2025-11-17"
      },
      {
        "descricao": "Pix enviado: Elisabethe Leite Paz Pinheiro",
        "valor": 8,
        "categoria": "Transfer├¬ncia",
        "tipo": "despesa",
        "data": "2025-11-18"
      },
      {
        "descricao": "Pix enviado: MAISMOBI",
        "valor": 24,
        "categoria": "Transfer├¬ncia",
        "tipo": "despesa",
        "data": "2025-11-18"
      },
      {
        "descricao": "Pix enviado: Cassio Roberto Pereira de Souza",
        "valor": 50,
        "categoria": "Transfer├¬ncia",
        "tipo": "despesa",
        "data": "2025-11-18"
      },
      {
        "descricao": "Pix enviado: ALF2WEB INFORMATICA LTDA",
        "valor": 63,
        "categoria": "Transfer├¬ncia",
        "tipo": "despesa",
        "data": "2025-11-19"
      },
      {
        "descricao": "Pix enviado: MAISMOBI",
        "valor": 12,
        "categoria": "Transfer├¬ncia",
        "tipo": "despesa",
        "data": "2025-11-19"
      },
      {
        "descricao": "Pix enviado: Claro",
        "valor": 44.54,
        "categoria": "Servi├ºos",
        "tipo": "despesa",
        "data": "2025-11-20"
      },
      {
        "descricao": "Pix enviado: PICPAY INSTITUICAO DE PAGAMENTO S A",
        "valor": 130.46,
        "categoria": "Transfer├¬ncia",
        "tipo": "despesa",
        "data": "2025-11-20"
      },
      {
        "descricao": "Pix recebido: MARIA C G R S I ADVOCACIA",
        "valor": 300,
        "categoria": "Recebimento",
        "tipo": "receita",
        "data": "2025-11-20"
      },
      {
        "descricao": "Pix enviado: UBER DO BRASIL TECNOLOGIA LTDA",
        "valor": 13.91,
        "categoria": "Transporte",
        "tipo": "despesa",
        "data": "2025-11-20"
      },
      {
        "descricao": "Pix enviado: MPQ PIZZARIA E RESTAURANTE LTDA",
        "valor": 5.2,
        "categoria": "Alimenta├º├úo",
        "tipo": "despesa",
        "data": "2025-11-20"
      },
      {
        "descricao": "Pix enviado: UBER DO BRASIL TECNOLOGIA LTDA",
        "valor": 15.91,
        "categoria": "Transporte",
        "tipo": "despesa",
        "data": "2025-11-20"
      },
      {
        "descricao": "Pix enviado: ELITON LUIZ QUEIROZ DE ALMEIDA",
        "valor": 5,
        "categoria": "Transfer├¬ncia",
        "tipo": "despesa",
        "data": "2025-11-21"
      },
      {
        "descricao": "Pix enviado: UP NET WORK INTERNET",
        "valor": 92.09,
        "categoria": "Servi├ºos",
        "tipo": "despesa",
        "data": "2025-11-21"
      },
      {
        "descricao": "Pix enviado: Joao Victor Mendonca Rocha",
        "valor": 20,
        "categoria": "Transfer├¬ncia",
        "tipo": "despesa",
        "data": "2025-11-21"
      },
      {
        "descricao": "Pix enviado: MAISMOBI",
        "valor": 12,
        "categoria": "Transfer├¬ncia",
        "tipo": "despesa",
        "data": "2025-11-21"
      },
      {
        "descricao": "Pix enviado devolvido: Joao Victor Mendonca Rocha",
        "valor": 20,
        "categoria": "Estorno",
        "tipo": "receita",
        "data": "2025-11-22"
      },
      {
        "descricao": "Pix enviado: VANIA CAMELO MOURAO",
        "valor": 5,
        "categoria": "Transfer├¬ncia",
        "tipo": "despesa",
        "data": "2025-11-23"
      },
      {
        "descricao": "Pix enviado: Cleiton Renato Gomes Da Silva",
        "valor": 13,
        "categoria": "Transfer├¬ncia",
        "tipo": "despesa",
        "data": "2025-11-25"
      },
      {
        "descricao": "Pix recebido: PAULISTA ASSENTOS E REPAROS HIDRAULICOS",
        "valor": 1300,
        "categoria": "Recebimento",
        "tipo": "receita",
        "data": "2025-11-25"
      },
      {
        "descricao": "Pix enviado: Gerson Gomes",
        "valor": 15,
        "categoria": "Transfer├¬ncia",
        "tipo": "despesa",
        "data": "2025-11-25"
      },
      {
        "descricao": "Pix enviado: MAISMOBI",
        "valor": 48,
        "categoria": "Transfer├¬ncia",
        "tipo": "despesa",
        "data": "2025-11-25"
      },
      {
        "descricao": "Pix recebido: Andre da Silva Porto",
        "valor": 53,
        "categoria": "Recebimento",
        "tipo": "receita",
        "data": "2025-11-26"
      },
      {
        "descricao": "Pix enviado: Cleiton Renato Gomes Da Silva",
        "valor": 27,
        "categoria": "Transfer├¬ncia",
        "tipo": "despesa",
        "data": "2025-11-26"
      },
      {
        "descricao": "Pix enviado: ALMIR RACOES",
        "valor": 65.9,
        "categoria": "Transfer├¬ncia",
        "tipo": "despesa",
        "data": "2025-11-26"
      },
      {
        "descricao": "Compra no debito: TOKIO HORTIFRUTIGRANJ NOVA IGUACU BRA",
        "valor": 20.15,
        "categoria": "Alimenta├º├úo",
        "tipo": "despesa",
        "data": "2025-11-26"
      },
      {
        "descricao": "Pix enviado: THE KING OF BREAD",
        "valor": 3,
        "categoria": "Alimenta├º├úo",
        "tipo": "despesa",
        "data": "2025-11-26"
      },
      {
        "descricao": "Pix enviado: ALF2WEB INFORMATICA LTDA",
        "valor": 63,
        "categoria": "Transfer├¬ncia",
        "tipo": "despesa",
        "data": "2025-11-26"
      },
      {
        "descricao": "Pix enviado: Matheus Santos de Souza",
        "valor": 480,
        "categoria": "Transfer├¬ncia",
        "tipo": "despesa",
        "data": "2025-11-27"
      },
      {
        "descricao": "Compra no debito: TOKIO HORTIFRUTIGRANJ NOVA IGUACU BRA",
        "valor": 20.69,
        "categoria": "Alimenta├º├úo",
        "tipo": "despesa",
        "data": "2025-11-27"
      },
      {
        "descricao": "Deb Cartao + Protegido: Seguro Cartao Protegido/Plano Standard",
        "valor": 5.9,
        "categoria": "Seguro",
        "tipo": "despesa",
        "data": "2025-11-27"
      },
      {
        "descricao": "Pix recebido: DECIO LUIZ FERREIRA LIMA",
        "valor": 120,
        "categoria": "Recebimento",
        "tipo": "receita",
        "data": "2025-11-28"
      },
      {
        "descricao": "Pix enviado: SSPACE INFORMATICA",
        "valor": 109.8,
        "categoria": "Transfer├¬ncia",
        "tipo": "despesa",
        "data": "2025-11-28"
      },
      {
        "descricao": "Pix recebido: DECIO LUIZ FERREIRA LIMA",
        "valor": 105,
        "categoria": "Recebimento",
        "tipo": "receita",
        "data": "2025-11-28"
      },
      {
        "descricao": "Pix enviado: MAISMOBI",
        "valor": 12,
        "categoria": "Transfer├¬ncia",
        "tipo": "despesa",
        "data": "2025-11-28"
      }
    ]
  }
}
