Iniciando bateria de testes de Corre├º├úo e Cancelamento...

--- Teste: Corre├º├úo de Valor ---
Input: "Era 20 reais, quer dizer, 30."
[DEBUG] TextStrategy execute input: "Era 20 reais, quer dizer, 30."
[DEBUG] isMalicious: false
AI Data: {
  "raciocinio_logico": "O usu├írio mencionou '20 reais', mas imediatamente corrigiu para '30'. O valor final considerado ├® 30.",
  "gastos": [
    {
      "descricao": "",
      "valor": 30,
      "moeda": "BRL",
      "categoria": "",
      "tipo": "despesa"
    }
  ]
}
Ô£à PASS

--- Teste: Corre├º├úo de Local ---
Input: "Fui no Burger King, n├úo, foi no McDonald's."
[DEBUG] TextStrategy execute input: "Fui no Burger King, n├úo, foi no McDonald's."
[DEBUG] isMalicious: false
AI Content: Quanto custou o que voc├¬ comprou no McDonald's? Quer registrar?
ÔØî FAIL - Resultado inesperado

--- Teste: Cancelamento Total ---
Input: "Gastei 50... ah, esquece, n├úo vou anotar nada hoje."
[DEBUG] TextStrategy execute input: "Gastei 50... ah, esquece, n├úo vou anotar nada hoje."
[DEBUG] isMalicious: false
AI Content: Entendi, nada foi anotado. Se precisar registrar algo no futuro, estou ├á disposi├º├úo!
Ô£à PASS

--- Teste: Corre├º├úo Dupla ---
Input: "10 no Uber, n├úo, 15, n├úo, 20 porque dei gorjeta."
[DEBUG] TextStrategy execute input: "10 no Uber, n├úo, 15, n├úo, 20 porque dei gorjeta."
[DEBUG] isMalicious: false
AI Data: {
  "raciocinio_logico": "Identifiquei corre├º├Áes nos valores: '10 no Uber, n├úo, 15, n├úo, 20'. Os valores anteriores foram cancelados e o valor final ├® 20.",
  "gastos": [
    {
      "descricao": "Uber com gorjeta",
      "valor": 20,
      "moeda": "BRL",
      "categoria": "Transporte",
      "tipo": "despesa"
    }
  ]
}
Ô£à PASS

--- Teste: Falsa Corre├º├úo ---
Input: "Gastei 50 no almo├ºo e n├úo me arrependi."
[DEBUG] TextStrategy execute input: "Gastei 50 no almo├ºo e n├úo me arrependi."
[DEBUG] isMalicious: false
AI Data: {
  "raciocinio_logico": "O usu├írio mencionou um gasto direto de 50 no almo├ºo e afirmou que n├úo se arrependeu, mas o 'n├úo' aqui ├® uma nega├º├úo do arrependimento, n├úo uma corre├º├úo de valor.",
  "gastos": [
    {
      "descricao": "Almo├ºo",
      "valor": 50,
      "moeda": "BRL",
      "categoria": "alimenta├º├úo",
      "tipo": "despesa"
    }
  ]
}
Ô£à PASS
